[2025-03-12 01:14:54.295] INFO [7448] [ETL-Process] - === INICIANDO PROCESO ETL ===
[2025-03-12 01:14:54.296] INFO [7448] [ETL-Process] - Hora de inicio: 2025-03-12 01:14:54.295822
[2025-03-12 01:14:54.297] INFO [7448] [ETL-Process] - Iniciando proceso de extracción...
[2025-03-12 01:14:54.297] INFO [7448] [ETL-Process.Extract] - === INICIANDO PROCESO DE EXTRACCIÓN ===
[2025-03-12 01:14:54.299] INFO [7448] [ETL-Process.Extract] - Directorios verificados y creados si es necesario
[2025-03-12 01:14:54.299] INFO [7448] [ETL-Process.Extract] - Iniciando proceso de descarga de archivos Excel
[2025-03-12 01:14:54.300] INFO [7448] [ETL-Process.Extract] - Carpeta creada para descargas: c:\Users\rrojacam\Desktop\Proyectos\ETL-Asistencia\./data/downloads\data_probacionismo_20250312_011454
[2025-03-12 01:14:54.300] INFO [7448] [ETL-Process.Extract] - Procesando sede: Arequipa (Nivel 5)
[2025-03-12 01:14:54.301] INFO [7448] [ETL-Process.Extract] - Iniciando descarga para sede: Arequipa
[2025-03-12 01:14:59.421] INFO [7448] [ETL-Process.Extract] - Archivo Excel encontrado correctamente
[2025-03-12 01:14:59.422] INFO [7448] [ETL-Process.Extract] - Archivo descargado correctamente para Arequipa
[2025-03-12 01:14:59.430] INFO [7448] [ETL-Process.Extract] - Archivo guardado: Arequipa-5-20250312_011454.xlsx
[2025-03-12 01:14:59.431] INFO [7448] [ETL-Process.Extract] - Procesamiento exitoso para Arequipa
[2025-03-12 01:14:59.432] INFO [7448] [ETL-Process.Extract] - Procesando sede: Arequipa - Cerro Colorado (Nivel 1A)
[2025-03-12 01:14:59.433] INFO [7448] [ETL-Process.Extract] - Iniciando descarga para sede: Arequipa - Cerro Colorado
[2025-03-12 01:15:04.420] INFO [7448] [ETL-Process.Extract] - Archivo Excel encontrado correctamente
[2025-03-12 01:15:04.422] INFO [7448] [ETL-Process.Extract] - Archivo descargado correctamente para Arequipa - Cerro Colorado
[2025-03-12 01:15:04.432] INFO [7448] [ETL-Process.Extract] - Archivo guardado: Arequipa_Cerro_Colorado-1A-20250312_011454.xlsx
[2025-03-12 01:15:04.434] INFO [7448] [ETL-Process.Extract] - Procesamiento exitoso para Arequipa - Cerro Colorado
[2025-03-12 01:15:04.434] INFO [7448] [ETL-Process.Extract] - Procesando sede: Arequipa - Lambramani (Nivel 1B)
[2025-03-12 01:15:04.435] INFO [7448] [ETL-Process.Extract] - Iniciando descarga para sede: Arequipa - Lambramani
[2025-03-12 01:15:08.887] INFO [7448] [ETL-Process.Extract] - Archivo Excel encontrado correctamente
[2025-03-12 01:15:08.889] INFO [7448] [ETL-Process.Extract] - Archivo descargado correctamente para Arequipa - Lambramani
[2025-03-12 01:15:08.896] INFO [7448] [ETL-Process.Extract] - Archivo guardado: Arequipa_Lambramani-1B-20250312_011454.xlsx
[2025-03-12 01:15:08.898] INFO [7448] [ETL-Process.Extract] - Procesamiento exitoso para Arequipa - Lambramani
[2025-03-12 01:15:08.899] INFO [7448] [ETL-Process.Extract] - Procesando sede: Arequipa - Umacollo (Nivel 1A)
[2025-03-12 01:15:08.899] INFO [7448] [ETL-Process.Extract] - Iniciando descarga para sede: Arequipa - Umacollo
[2025-03-12 01:15:13.432] INFO [7448] [ETL-Process.Extract] - Archivo Excel encontrado correctamente
[2025-03-12 01:15:13.432] INFO [7448] [ETL-Process.Extract] - Archivo descargado correctamente para Arequipa - Umacollo
[2025-03-12 01:15:13.438] INFO [7448] [ETL-Process.Extract] - Archivo guardado: Arequipa_Umacollo-1A-20250312_011454.xlsx
[2025-03-12 01:15:13.439] INFO [7448] [ETL-Process.Extract] - Procesamiento exitoso para Arequipa - Umacollo
[2025-03-12 01:15:13.440] INFO [7448] [ETL-Process.Extract] - Procesando sede: Ayacucho (Nivel 6)
[2025-03-12 01:15:13.441] INFO [7448] [ETL-Process.Extract] - Iniciando descarga para sede: Ayacucho
[2025-03-12 01:15:18.177] INFO [7448] [ETL-Process.Extract] - Archivo Excel encontrado correctamente
[2025-03-12 01:15:18.178] INFO [7448] [ETL-Process.Extract] - Archivo descargado correctamente para Ayacucho
[2025-03-12 01:15:18.184] INFO [7448] [ETL-Process.Extract] - Archivo guardado: Ayacucho-6-20250312_011454.xlsx
[2025-03-12 01:15:18.184] INFO [7448] [ETL-Process.Extract] - Procesamiento exitoso para Ayacucho
[2025-03-12 01:15:18.185] INFO [7448] [ETL-Process.Extract] - Procesando sede: Ayacucho Norte (Nivel 1B)
[2025-03-12 01:15:18.186] INFO [7448] [ETL-Process.Extract] - Iniciando descarga para sede: Ayacucho Norte
[2025-03-12 01:15:22.781] INFO [7448] [ETL-Process.Extract] - Archivo Excel encontrado correctamente
[2025-03-12 01:15:22.782] INFO [7448] [ETL-Process.Extract] - Archivo descargado correctamente para Ayacucho Norte
[2025-03-12 01:15:22.788] INFO [7448] [ETL-Process.Extract] - Archivo guardado: Ayacucho_Norte-1B-20250312_011454.xlsx
[2025-03-12 01:15:22.789] INFO [7448] [ETL-Process.Extract] - Procesamiento exitoso para Ayacucho Norte
[2025-03-12 01:15:22.790] INFO [7448] [ETL-Process.Extract] - Procesando sede: Cajamarca (Nivel 6)
[2025-03-12 01:15:22.791] INFO [7448] [ETL-Process.Extract] - Iniciando descarga para sede: Cajamarca
[2025-03-12 01:15:27.127] INFO [7448] [ETL-Process.Extract] - Archivo Excel encontrado correctamente
[2025-03-12 01:15:27.128] INFO [7448] [ETL-Process.Extract] - Archivo descargado correctamente para Cajamarca
[2025-03-12 01:15:27.135] INFO [7448] [ETL-Process.Extract] - Archivo guardado: Cajamarca-6-20250312_011454.xlsx
[2025-03-12 01:15:27.136] INFO [7448] [ETL-Process.Extract] - Procesamiento exitoso para Cajamarca
[2025-03-12 01:15:27.137] INFO [7448] [ETL-Process.Extract] - Procesando sede: Cajamarca - Centro HistÃ³rico (Nivel 1B)
[2025-03-12 01:15:27.137] INFO [7448] [ETL-Process.Extract] - Iniciando descarga para sede: Cajamarca - Centro HistÃ³rico
[2025-03-12 01:15:32.289] INFO [7448] [ETL-Process.Extract] - Archivo Excel encontrado correctamente
[2025-03-12 01:15:32.289] INFO [7448] [ETL-Process.Extract] - Archivo descargado correctamente para Cajamarca - Centro HistÃ³rico
[2025-03-12 01:15:32.294] INFO [7448] [ETL-Process.Extract] - Archivo guardado: Cajamarca_Centro_HistÃ³rico-1B-20250312_011454.xlsx
[2025-03-12 01:15:32.294] INFO [7448] [ETL-Process.Extract] - Procesamiento exitoso para Cajamarca - Centro HistÃ³rico
[2025-03-12 01:15:32.295] INFO [7448] [ETL-Process.Extract] - Procesando sede: Cajamarca - Norte (Nivel 1A)
[2025-03-12 01:15:32.295] INFO [7448] [ETL-Process.Extract] - Iniciando descarga para sede: Cajamarca - Norte
[2025-03-12 01:15:36.739] WARNING [7448] [ETL-Process.Extract] - Tipo de contenido inesperado: text/html; charset=utf-8
[2025-03-12 01:15:37.034] ERROR [7448] [ETL-Process.Extract] - Error descargando archivo para Cajamarca - Norte: El contenido descargado para Cajamarca - Norte no es un archivo Excel válido
Traceback (most recent call last):
  File "c:\Users\rrojacam\Desktop\Proyectos\ETL-Asistencia\src\etl\extract.py", line 198, in download_and_process_file
    raise ValueError(f"El contenido descargado para {sede} no es un archivo Excel válido")
ValueError: El contenido descargado para Cajamarca - Norte no es un archivo Excel válido
[2025-03-12 01:15:37.037] ERROR [7448] [ETL-Process.Extract] - Headers de respuesta: {'Cache-Control': 'no-store, no-cache', 'Pragma': 'no-cache', 'Content-Type': 'text/html; charset=utf-8', 'Content-Encoding': 'gzip', 'Expires': 'Wed, 12 Mar 2025 06:14:44 GMT', 'Vary': 'Accept-Encoding', 'P3P': 'CP="DSP CUR OTPi IND OTRi ONL FIN"', 'X-DNS-Prefetch-Control': 'on', 'Link': '<https://logincdn.msftauth.net>; rel=preconnect; crossorigin, <https://acctcdn.msauth.net>; rel=preconnect; crossorigin, <https://acctcdn.msftauth.net>; rel=preconnect; crossorigin, <https://acctcdn.msauth.net/>; rel=dns-prefetch, <https://acctcdn.msftauth.net/>; rel=dns-prefetch, <https://acctcdnmsftuswe2.azureedge.net/>; rel=dns-prefetch, <https://logincdn.msauth.net/>; rel=dns-prefetch, <https://logincdn.msftauth.net/>; rel=dns-prefetch, <https://lgincdnmsftuswe2.azureedge.net/>; rel=dns-prefetch', 'Content-Security-Policy': "object-src 'none'; base-uri 'self'; script-src 'self' 'nonce-Ual039DxikFBfW+Mcem4NxbZSxZzLU/RVcB/UGBdPk0=' https://js.monitor.azure.com https://logincdn.msauth.net https://logincdn.msftauth.net https://lgincdnvzeuno.azureedge.net https://lgincdnmsftuswe2.azureedge.net https://*.live.com https://*.microsoft.com https://*.office.net https://*.bing.com https://*.sharepointonline.com 'report-sample'; img-src 'self' https://js.monitor.azure.com https://logincdn.msauth.net https://logincdn.msftauth.net https://lgincdnvzeuno.azureedge.net https://lgincdnmsftuswe2.azureedge.net https://*.live.com https://*.microsoft.com https://*.office.net https://*.bing.com https://*.sharepointonline.com; report-uri https://csp.microsoft.com/report/MSA-UX-All", 'Referrer-Policy': 'strict-origin-when-cross-origin', 'x-ms-route-info': 'C514_BAY', 'x-ms-request-id': '6ab3ad9f-efe1-46c7-b6e6-aa6543de78d4', 'PPServer': 'PPV: 30 H: PH1PEPF0001E2F3 V: 0', 'X-Content-Type-Options': 'nosniff', 'Strict-Transport-Security': 'max-age=31536000', 'X-XSS-Protection': '1; mode=block', 'Set-Cookie': 'uaid=e9405ecea7b749ce8565deb2ba809d33; domain=login.live.com; Secure; path=/; SameSite=None; HttpOnly, MSPRequ=id=250206&lt=1741760144&co=2; domain=login.live.com; Secure; path=/; SameSite=None; HttpOnly, MSPOK=$uuid-734d9f25-a04b-4dd3-b061-3be17a857f02$uuid-53edf0e1-25e5-428b-be46-dfb09bab1d31; domain=login.live.com; Secure; path=/; SameSite=None; HttpOnly, OParams=11O.Dg0NUSV*lkwGxR1qZGnSLmbqOSh68vlvPfSL1lDriisZkLIYJ2qkJeWH0K73cjbiRtp*h6Ay!b9VfakZXuPHztSF4!ZvCGBQuGba7779et8kGl8q!gUj3Opz0OGjoG8F5*E4AX59hv2f4dOmpecY9cGchLuleQyZuTdeDr8sGyj3sR9X2QfY7*xOVm2dHmO0vvMB3DM2hvNFMBH129gyAOwz!lKwYOJyYIv4aKO7pO2kiHcH6A4KySJQUGdneA!EHzu335y6kQsSmsiEor3VdSFIusAYub3SfJRP0GZhirlydaf*toginj6SMIAxP2oQm4oXegJDkr3ZUl7UDM*wqJcVsvKbIz8STGT6oFr3s!EOILCIoAgIwFCsvFSTc9fYTwOC69HAezUApphEqKDwqk5j47r92*HFI3BB4aSZwUboMKOhtyiZ*fSwtuAh!TQLzxd7dJyW3nyhNLbkGurlRyvCmtccpiAQQoQLPDxmL2Px; domain=login.live.com; Secure; path=/; SameSite=None; HttpOnly', 'Date': 'Wed, 12 Mar 2025 06:15:43 GMT', 'Content-Length': '11651'}
[2025-03-12 01:15:37.038] ERROR [7448] [ETL-Process.Extract] - URL de respuesta: https://login.live.com/login.srf?wa=wsignin1.0&rpsnv=173&ct=1741760141&rver=7.5.2205.0&wp=MBI_SSL_SHARED&wreply=https:%2F%2Fonedrive.live.com%2Fedit%3Fid%3D826F6B2125AB2DBC!3442%26resid%3D826F6B2125AB2DBC!3442%26ithint%3Dfile%252Cxlsx%26authkey%3D!ANh0BrnhjdQRl8g%26wdo%3D2%26cid%3D826f6b2125ab2dbc&lc=1033&id=250206&cbcxt=sky&cbcxt=sky&download=1
[2025-03-12 01:15:37.039] INFO [7448] [ETL-Process.Extract] - Procesando sede: Cerro de Pasco (Nivel 1A)
[2025-03-12 01:15:37.040] INFO [7448] [ETL-Process.Extract] - Iniciando descarga para sede: Cerro de Pasco
[2025-03-12 01:15:41.369] INFO [7448] [ETL-Process.Extract] - Archivo Excel encontrado correctamente
[2025-03-12 01:15:41.370] INFO [7448] [ETL-Process.Extract] - Archivo descargado correctamente para Cerro de Pasco
[2025-03-12 01:15:41.374] INFO [7448] [ETL-Process.Extract] - Archivo guardado: Cerro_de_Pasco-1A-20250312_011454.xlsx
[2025-03-12 01:15:41.375] INFO [7448] [ETL-Process.Extract] - Procesamiento exitoso para Cerro de Pasco
[2025-03-12 01:15:41.376] INFO [7448] [ETL-Process.Extract] - Procesando sede: Chiclayo (Nivel 3)
[2025-03-12 01:15:41.376] INFO [7448] [ETL-Process.Extract] - Iniciando descarga para sede: Chiclayo
[2025-03-12 01:15:45.642] INFO [7448] [ETL-Process.Extract] - Archivo Excel encontrado correctamente
[2025-03-12 01:15:45.642] INFO [7448] [ETL-Process.Extract] - Archivo descargado correctamente para Chiclayo
[2025-03-12 01:15:45.646] INFO [7448] [ETL-Process.Extract] - Archivo guardado: Chiclayo-3-20250312_011454.xlsx
[2025-03-12 01:15:45.647] INFO [7448] [ETL-Process.Extract] - Procesamiento exitoso para Chiclayo
[2025-03-12 01:15:45.648] INFO [7448] [ETL-Process.Extract] - Procesando sede: Cusco (Nivel 6)
[2025-03-12 01:15:45.649] INFO [7448] [ETL-Process.Extract] - Iniciando descarga para sede: Cusco
[2025-03-12 01:15:50.857] INFO [7448] [ETL-Process.Extract] - Archivo Excel encontrado correctamente
[2025-03-12 01:15:50.859] INFO [7448] [ETL-Process.Extract] - Archivo descargado correctamente para Cusco
[2025-03-12 01:15:50.867] INFO [7448] [ETL-Process.Extract] - Archivo guardado: Cusco-6-20250312_011454.xlsx
[2025-03-12 01:15:50.868] INFO [7448] [ETL-Process.Extract] - Procesamiento exitoso para Cusco
[2025-03-12 01:15:50.869] INFO [7448] [ETL-Process.Extract] - Procesando sede: Huancayo (Nivel 6)
[2025-03-12 01:15:50.870] INFO [7448] [ETL-Process.Extract] - Iniciando descarga para sede: Huancayo
[2025-03-12 01:15:55.822] INFO [7448] [ETL-Process.Extract] - Archivo Excel encontrado correctamente
[2025-03-12 01:15:55.822] INFO [7448] [ETL-Process.Extract] - Archivo descargado correctamente para Huancayo
[2025-03-12 01:15:55.826] INFO [7448] [ETL-Process.Extract] - Archivo guardado: Huancayo-6-20250312_011454.xlsx
[2025-03-12 01:15:55.827] INFO [7448] [ETL-Process.Extract] - Procesamiento exitoso para Huancayo
[2025-03-12 01:15:55.827] INFO [7448] [ETL-Process.Extract] - Procesando sede: Huancayo - El Tambo (Nivel 1B)
[2025-03-12 01:15:55.827] INFO [7448] [ETL-Process.Extract] - Iniciando descarga para sede: Huancayo - El Tambo
[2025-03-12 01:16:01.075] INFO [7448] [ETL-Process.Extract] - Archivo Excel encontrado correctamente
[2025-03-12 01:16:01.076] INFO [7448] [ETL-Process.Extract] - Archivo descargado correctamente para Huancayo - El Tambo
[2025-03-12 01:16:01.080] INFO [7448] [ETL-Process.Extract] - Archivo guardado: Huancayo_El_Tambo-1B-20250312_011454.xlsx
[2025-03-12 01:16:01.081] INFO [7448] [ETL-Process.Extract] - Procesamiento exitoso para Huancayo - El Tambo
[2025-03-12 01:16:01.081] INFO [7448] [ETL-Process.Extract] - Procesando sede: Huancayo - Julio Sumar (Nivel 1A)
[2025-03-12 01:16:01.082] INFO [7448] [ETL-Process.Extract] - Iniciando descarga para sede: Huancayo - Julio Sumar
[2025-03-12 01:16:05.308] INFO [7448] [ETL-Process.Extract] - Archivo Excel encontrado correctamente
[2025-03-12 01:16:05.309] INFO [7448] [ETL-Process.Extract] - Archivo descargado correctamente para Huancayo - Julio Sumar
[2025-03-12 01:16:05.316] INFO [7448] [ETL-Process.Extract] - Archivo guardado: Huancayo_Julio_Sumar-1A-20250312_011454.xlsx
[2025-03-12 01:16:05.317] INFO [7448] [ETL-Process.Extract] - Procesamiento exitoso para Huancayo - Julio Sumar
[2025-03-12 01:16:05.318] INFO [7448] [ETL-Process.Extract] - Procesando sede: Huanuco (Nivel 5)
[2025-03-12 01:16:05.318] INFO [7448] [ETL-Process.Extract] - Iniciando descarga para sede: Huanuco
[2025-03-12 01:16:09.529] INFO [7448] [ETL-Process.Extract] - Archivo Excel encontrado correctamente
[2025-03-12 01:16:09.530] INFO [7448] [ETL-Process.Extract] - Archivo descargado correctamente para Huanuco
[2025-03-12 01:16:09.535] INFO [7448] [ETL-Process.Extract] - Archivo guardado: Huanuco-5-20250312_011454.xlsx
[2025-03-12 01:16:09.535] INFO [7448] [ETL-Process.Extract] - Procesamiento exitoso para Huanuco
[2025-03-12 01:16:09.535] INFO [7448] [ETL-Process.Extract] - Procesando sede: Huaraz (Nivel 4)
[2025-03-12 01:16:09.536] INFO [7448] [ETL-Process.Extract] - Iniciando descarga para sede: Huaraz
[2025-03-12 01:16:14.227] INFO [7448] [ETL-Process.Extract] - Archivo Excel encontrado correctamente
[2025-03-12 01:16:14.228] INFO [7448] [ETL-Process.Extract] - Archivo descargado correctamente para Huaraz
[2025-03-12 01:16:14.236] INFO [7448] [ETL-Process.Extract] - Archivo guardado: Huaraz-4-20250312_011454.xlsx
[2025-03-12 01:16:14.237] INFO [7448] [ETL-Process.Extract] - Procesamiento exitoso para Huaraz
[2025-03-12 01:16:14.237] INFO [7448] [ETL-Process.Extract] - Procesando sede: Ica (Nivel 2)
[2025-03-12 01:16:14.238] INFO [7448] [ETL-Process.Extract] - Iniciando descarga para sede: Ica
[2025-03-12 01:16:19.298] INFO [7448] [ETL-Process.Extract] - Archivo Excel encontrado correctamente
[2025-03-12 01:16:19.299] INFO [7448] [ETL-Process.Extract] - Archivo descargado correctamente para Ica
[2025-03-12 01:16:19.305] INFO [7448] [ETL-Process.Extract] - Archivo guardado: Ica-2-20250312_011454.xlsx
[2025-03-12 01:16:19.306] INFO [7448] [ETL-Process.Extract] - Procesamiento exitoso para Ica
[2025-03-12 01:16:19.307] INFO [7448] [ETL-Process.Extract] - Procesando sede: Ilo (Nivel 3)
[2025-03-12 01:16:19.307] INFO [7448] [ETL-Process.Extract] - Iniciando descarga para sede: Ilo
[2025-03-12 01:16:23.854] INFO [7448] [ETL-Process.Extract] - Archivo Excel encontrado correctamente
[2025-03-12 01:16:23.856] INFO [7448] [ETL-Process.Extract] - Archivo descargado correctamente para Ilo
[2025-03-12 01:16:23.862] INFO [7448] [ETL-Process.Extract] - Archivo guardado: Ilo-3-20250312_011454.xlsx
[2025-03-12 01:16:23.863] INFO [7448] [ETL-Process.Extract] - Procesamiento exitoso para Ilo
[2025-03-12 01:16:23.864] INFO [7448] [ETL-Process.Extract] - Procesando sede: Iquitos (Nivel 4)
[2025-03-12 01:16:23.865] INFO [7448] [ETL-Process.Extract] - Iniciando descarga para sede: Iquitos
[2025-03-12 01:16:28.314] INFO [7448] [ETL-Process.Extract] - Archivo Excel encontrado correctamente
[2025-03-12 01:16:28.315] INFO [7448] [ETL-Process.Extract] - Archivo descargado correctamente para Iquitos
[2025-03-12 01:16:28.322] INFO [7448] [ETL-Process.Extract] - Archivo guardado: Iquitos-4-20250312_011454.xlsx
[2025-03-12 01:16:28.323] INFO [7448] [ETL-Process.Extract] - Procesamiento exitoso para Iquitos
[2025-03-12 01:16:28.324] INFO [7448] [ETL-Process.Extract] - Procesando sede: Juliaca (Nivel 3)
[2025-03-12 01:16:28.324] INFO [7448] [ETL-Process.Extract] - Iniciando descarga para sede: Juliaca
[2025-03-12 01:16:32.482] INFO [7448] [ETL-Process.Extract] - Archivo Excel encontrado correctamente
[2025-03-12 01:16:32.483] INFO [7448] [ETL-Process.Extract] - Archivo descargado correctamente para Juliaca
[2025-03-12 01:16:32.490] INFO [7448] [ETL-Process.Extract] - Archivo guardado: Juliaca-3-20250312_011454.xlsx
[2025-03-12 01:16:32.491] INFO [7448] [ETL-Process.Extract] - Procesamiento exitoso para Juliaca
[2025-03-12 01:16:32.491] INFO [7448] [ETL-Process.Extract] - Procesando sede: Lima - BreÃ±a (Nivel 6)
[2025-03-12 01:16:32.492] INFO [7448] [ETL-Process.Extract] - Iniciando descarga para sede: Lima - BreÃ±a
[2025-03-12 01:16:37.233] INFO [7448] [ETL-Process.Extract] - Archivo Excel encontrado correctamente
[2025-03-12 01:16:37.234] INFO [7448] [ETL-Process.Extract] - Archivo descargado correctamente para Lima - BreÃ±a
[2025-03-12 01:16:37.242] INFO [7448] [ETL-Process.Extract] - Archivo guardado: Lima_BreÃ±a-6-20250312_011454.xlsx
[2025-03-12 01:16:37.243] INFO [7448] [ETL-Process.Extract] - Procesamiento exitoso para Lima - BreÃ±a
[2025-03-12 01:16:37.243] INFO [7448] [ETL-Process.Extract] - Procesando sede: Lima - JesÃºs MarÃ­a (Nivel 1B)
[2025-03-12 01:16:37.244] INFO [7448] [ETL-Process.Extract] - Iniciando descarga para sede: Lima - JesÃºs MarÃ­a
[2025-03-12 01:16:41.456] INFO [7448] [ETL-Process.Extract] - Archivo Excel encontrado correctamente
[2025-03-12 01:16:41.457] INFO [7448] [ETL-Process.Extract] - Archivo descargado correctamente para Lima - JesÃºs MarÃ­a
[2025-03-12 01:16:41.463] INFO [7448] [ETL-Process.Extract] - Archivo guardado: Lima_JesÃºs_MarÃ­a-1B-20250312_011454.xlsx
[2025-03-12 01:16:41.464] INFO [7448] [ETL-Process.Extract] - Procesamiento exitoso para Lima - JesÃºs MarÃ­a
[2025-03-12 01:16:41.465] INFO [7448] [ETL-Process.Extract] - Procesando sede: Lima - La Molina (Nivel 2)
[2025-03-12 01:16:41.466] INFO [7448] [ETL-Process.Extract] - Iniciando descarga para sede: Lima - La Molina
[2025-03-12 01:16:45.888] INFO [7448] [ETL-Process.Extract] - Archivo Excel encontrado correctamente
[2025-03-12 01:16:45.888] INFO [7448] [ETL-Process.Extract] - Archivo descargado correctamente para Lima - La Molina
[2025-03-12 01:16:45.895] INFO [7448] [ETL-Process.Extract] - Archivo guardado: Lima_La_Molina-2-20250312_011454.xlsx
[2025-03-12 01:16:45.895] INFO [7448] [ETL-Process.Extract] - Procesamiento exitoso para Lima - La Molina
[2025-03-12 01:16:45.896] INFO [7448] [ETL-Process.Extract] - Procesando sede: Lima - Pueblo Libre (Nivel 3)
[2025-03-12 01:16:45.896] INFO [7448] [ETL-Process.Extract] - Iniciando descarga para sede: Lima - Pueblo Libre
[2025-03-12 01:16:50.178] INFO [7448] [ETL-Process.Extract] - Archivo Excel encontrado correctamente
[2025-03-12 01:16:50.179] INFO [7448] [ETL-Process.Extract] - Archivo descargado correctamente para Lima - Pueblo Libre
[2025-03-12 01:16:50.187] INFO [7448] [ETL-Process.Extract] - Archivo guardado: Lima_Pueblo_Libre-3-20250312_011454.xlsx
[2025-03-12 01:16:50.188] INFO [7448] [ETL-Process.Extract] - Procesamiento exitoso para Lima - Pueblo Libre
[2025-03-12 01:16:50.188] INFO [7448] [ETL-Process.Extract] - Procesando sede: Lima - San Miguel (Nivel 1B)
[2025-03-12 01:16:50.189] INFO [7448] [ETL-Process.Extract] - Iniciando descarga para sede: Lima - San Miguel
[2025-03-12 01:16:54.642] INFO [7448] [ETL-Process.Extract] - Archivo Excel encontrado correctamente
[2025-03-12 01:16:54.643] INFO [7448] [ETL-Process.Extract] - Archivo descargado correctamente para Lima - San Miguel
[2025-03-12 01:16:54.651] INFO [7448] [ETL-Process.Extract] - Archivo guardado: Lima_San_Miguel-1B-20250312_011454.xlsx
[2025-03-12 01:16:54.652] INFO [7448] [ETL-Process.Extract] - Procesamiento exitoso para Lima - San Miguel
[2025-03-12 01:16:54.652] INFO [7448] [ETL-Process.Extract] - Procesando sede: Pisco (Nivel 3)
[2025-03-12 01:16:54.653] INFO [7448] [ETL-Process.Extract] - Iniciando descarga para sede: Pisco
[2025-03-12 01:16:59.468] WARNING [7448] [ETL-Process.Extract] - Tipo de contenido inesperado: text/html; charset=utf-8
[2025-03-12 01:16:59.733] ERROR [7448] [ETL-Process.Extract] - Error descargando archivo para Pisco: El contenido descargado para Pisco no es un archivo Excel válido
Traceback (most recent call last):
  File "c:\Users\rrojacam\Desktop\Proyectos\ETL-Asistencia\src\etl\extract.py", line 198, in download_and_process_file
    raise ValueError(f"El contenido descargado para {sede} no es un archivo Excel válido")
ValueError: El contenido descargado para Pisco no es un archivo Excel válido
[2025-03-12 01:16:59.736] ERROR [7448] [ETL-Process.Extract] - Headers de respuesta: {'Cache-Control': 'no-store, no-cache', 'Pragma': 'no-cache', 'Content-Type': 'text/html; charset=utf-8', 'Content-Encoding': 'gzip', 'Expires': 'Wed, 12 Mar 2025 06:16:07 GMT', 'Vary': 'Accept-Encoding', 'P3P': 'CP="DSP CUR OTPi IND OTRi ONL FIN"', 'X-DNS-Prefetch-Control': 'on', 'Link': '<https://logincdn.msauth.net>; rel=preconnect; crossorigin, <https://acctcdn.msauth.net>; rel=preconnect; crossorigin, <https://acctcdn.msftauth.net>; rel=preconnect; crossorigin, <https://acctcdn.msauth.net/>; rel=dns-prefetch, <https://acctcdn.msftauth.net/>; rel=dns-prefetch, <https://acctcdnmsftuswe2.azureedge.net/>; rel=dns-prefetch, <https://logincdn.msauth.net/>; rel=dns-prefetch, <https://logincdn.msftauth.net/>; rel=dns-prefetch, <https://lgincdnmsftuswe2.azureedge.net/>; rel=dns-prefetch', 'Content-Security-Policy': "object-src 'none'; base-uri 'self'; script-src 'self' 'nonce-w1Gv/9tfagyTgSwlfwrVyi9QPKJ00KI3v8Ra+zdtDH0=' https://js.monitor.azure.com https://logincdn.msauth.net https://logincdn.msftauth.net https://lgincdnvzeuno.azureedge.net https://lgincdnmsftuswe2.azureedge.net https://*.live.com https://*.microsoft.com https://*.office.net https://*.bing.com https://*.sharepointonline.com 'report-sample'; img-src 'self' https://js.monitor.azure.com https://logincdn.msauth.net https://logincdn.msftauth.net https://lgincdnvzeuno.azureedge.net https://lgincdnmsftuswe2.azureedge.net https://*.live.com https://*.microsoft.com https://*.office.net https://*.bing.com https://*.sharepointonline.com; report-uri https://csp.microsoft.com/report/MSA-UX-All", 'Referrer-Policy': 'strict-origin-when-cross-origin', 'x-ms-route-info': 'C501_SN1', 'x-ms-request-id': 'ee945ec0-0c74-476b-8bf4-958d88b7d655', 'PPServer': 'PPV: 30 H: SN1PEPF0002EFE6 V: 0', 'X-Content-Type-Options': 'nosniff', 'Strict-Transport-Security': 'max-age=31536000', 'X-XSS-Protection': '1; mode=block', 'Set-Cookie': 'uaid=08ac06279744442d9a8842cfb660695e; domain=login.live.com; Secure; path=/; SameSite=None; HttpOnly, MSPRequ=id=250206&lt=1741760227&co=2; domain=login.live.com; Secure; path=/; SameSite=None; HttpOnly, MSPOK=$uuid-83435325-94b6-4c28-b566-3934d69c0993$uuid-7a55fea6-dc21-440a-bf47-c27e45cd748b; domain=login.live.com; Secure; path=/; SameSite=None; HttpOnly, OParams=11O.DlXhTPZs4QeW29f8Riu*nJjrF8TM!FEBc!HAMP9bp0n6!5SODdiz2TUZcBTFSTn!VAyS516UZ!KpwbqjdhLTUPxpPI8sAKSA!95NOG!dO9YxZAXOnGMeatVc1GWL!rZClNCIHR2ESH6X0HiQpAOMeDEogkE!wLMhhg6Nj7l!xTpn6G0hq30DJCcnSh1d!FWh57sBqgjY4lTNkGln6PNHXh2uKePuubBBtyLQc7hhEkTV22WZ46S5oncdGbL0MsuRZ1XI9GrbO9EgX2x!KG534I0XA1PrDol*pgRIyAFqMXvmABrSecpSqBC!QBNc7Eu7etobi9f8PNtCerf8YcmaxIwis13zHy1Pugr74J07Up6gl63RKBgQCw6RXAz00Kicmx2IQyRMryCu8DVPO6!7DDubYy1MVI*JG36MttKB2EWii75Pf2bpJqWWv0hboTiGP7xDdwD4pllyDRNXsnC4uCVuPsxGuyqRcQ2DeycyohuhR5HXB14UQ*9ud2siU*CTxQ$$; domain=login.live.com; Secure; path=/; SameSite=None; HttpOnly', 'Date': 'Wed, 12 Mar 2025 06:17:06 GMT', 'Content-Length': '11657'}
[2025-03-12 01:16:59.737] ERROR [7448] [ETL-Process.Extract] - URL de respuesta: https://login.live.com/login.srf?wa=wsignin1.0&rpsnv=173&ct=1741760224&rver=7.5.2205.0&wp=MBI_SSL_SHARED&wreply=https:%2F%2Fonedrive.live.com%2Fedit%3Fid%3D826F6B2125AB2DBC!3479%26resid%3D826F6B2125AB2DBC!3479%26ithint%3Dfile%252Cxlsx%26authkey%3D!AKRPr1zLJ0V4IVQ%26wdo%3D2%26cid%3D826f6b2125ab2dbc&lc=1033&id=250206&cbcxt=sky&cbcxt=sky&download=1
[2025-03-12 01:16:59.738] INFO [7448] [ETL-Process.Extract] - Procesando sede: Pucallpa (Nivel 4)
[2025-03-12 01:16:59.738] INFO [7448] [ETL-Process.Extract] - Iniciando descarga para sede: Pucallpa
[2025-03-12 01:17:04.618] INFO [7448] [ETL-Process.Extract] - Archivo Excel encontrado correctamente
[2025-03-12 01:17:04.619] INFO [7448] [ETL-Process.Extract] - Archivo descargado correctamente para Pucallpa
[2025-03-12 01:17:04.629] INFO [7448] [ETL-Process.Extract] - Archivo guardado: Pucallpa-4-20250312_011454.xlsx
[2025-03-12 01:17:04.631] INFO [7448] [ETL-Process.Extract] - Procesamiento exitoso para Pucallpa
[2025-03-12 01:17:04.632] INFO [7448] [ETL-Process.Extract] - Procesando sede: Puno (Nivel 2)
[2025-03-12 01:17:04.634] INFO [7448] [ETL-Process.Extract] - Iniciando descarga para sede: Puno
[2025-03-12 01:17:09.088] INFO [7448] [ETL-Process.Extract] - Archivo Excel encontrado correctamente
[2025-03-12 01:17:09.089] INFO [7448] [ETL-Process.Extract] - Archivo descargado correctamente para Puno
[2025-03-12 01:17:09.099] INFO [7448] [ETL-Process.Extract] - Archivo guardado: Puno-2-20250312_011454.xlsx
[2025-03-12 01:17:09.101] INFO [7448] [ETL-Process.Extract] - Procesamiento exitoso para Puno
[2025-03-12 01:17:09.101] INFO [7448] [ETL-Process.Extract] - Procesando sede: Tacna (Nivel 4)
[2025-03-12 01:17:09.102] INFO [7448] [ETL-Process.Extract] - Iniciando descarga para sede: Tacna
[2025-03-12 01:17:13.556] INFO [7448] [ETL-Process.Extract] - Archivo Excel encontrado correctamente
[2025-03-12 01:17:13.556] INFO [7448] [ETL-Process.Extract] - Archivo descargado correctamente para Tacna
[2025-03-12 01:17:13.562] INFO [7448] [ETL-Process.Extract] - Archivo guardado: Tacna-4-20250312_011454.xlsx
[2025-03-12 01:17:13.563] INFO [7448] [ETL-Process.Extract] - Procesamiento exitoso para Tacna
[2025-03-12 01:17:13.564] INFO [7448] [ETL-Process.Extract] - Procesando sede: Tacna - Av. Ejercito (Nivel 2)
[2025-03-12 01:17:13.567] INFO [7448] [ETL-Process.Extract] - Iniciando descarga para sede: Tacna - Av. Ejercito
[2025-03-12 01:17:17.683] INFO [7448] [ETL-Process.Extract] - Archivo Excel encontrado correctamente
[2025-03-12 01:17:17.685] INFO [7448] [ETL-Process.Extract] - Archivo descargado correctamente para Tacna - Av. Ejercito
[2025-03-12 01:17:17.693] INFO [7448] [ETL-Process.Extract] - Archivo guardado: Tacna_Av._Ejercito-2-20250312_011454.xlsx
[2025-03-12 01:17:17.695] INFO [7448] [ETL-Process.Extract] - Procesamiento exitoso para Tacna - Av. Ejercito
[2025-03-12 01:17:17.696] INFO [7448] [ETL-Process.Extract] - Procesando sede: Tacna - Gregorio Albarracin (Nivel 1A)
[2025-03-12 01:17:17.696] INFO [7448] [ETL-Process.Extract] - Iniciando descarga para sede: Tacna - Gregorio Albarracin
[2025-03-12 01:17:22.111] INFO [7448] [ETL-Process.Extract] - Archivo Excel encontrado correctamente
[2025-03-12 01:17:22.112] INFO [7448] [ETL-Process.Extract] - Archivo descargado correctamente para Tacna - Gregorio Albarracin
[2025-03-12 01:17:22.119] INFO [7448] [ETL-Process.Extract] - Archivo guardado: Tacna_Gregorio_Albarracin-1A-20250312_011454.xlsx
[2025-03-12 01:17:22.120] INFO [7448] [ETL-Process.Extract] - Procesamiento exitoso para Tacna - Gregorio Albarracin
[2025-03-12 01:17:22.121] INFO [7448] [ETL-Process.Extract] - Procesando sede: Tarapoto (Nivel 2)
[2025-03-12 01:17:22.122] INFO [7448] [ETL-Process.Extract] - Iniciando descarga para sede: Tarapoto
[2025-03-12 01:17:26.748] INFO [7448] [ETL-Process.Extract] - Archivo Excel encontrado correctamente
[2025-03-12 01:17:26.749] INFO [7448] [ETL-Process.Extract] - Archivo descargado correctamente para Tarapoto
[2025-03-12 01:17:26.759] INFO [7448] [ETL-Process.Extract] - Archivo guardado: Tarapoto-2-20250312_011454.xlsx
[2025-03-12 01:17:26.760] INFO [7448] [ETL-Process.Extract] - Procesamiento exitoso para Tarapoto
[2025-03-12 01:17:26.761] INFO [7448] [ETL-Process.Extract] - Procesando sede: Trujillo (Nivel 5)
[2025-03-12 01:17:26.762] INFO [7448] [ETL-Process.Extract] - Iniciando descarga para sede: Trujillo
[2025-03-12 01:17:31.256] INFO [7448] [ETL-Process.Extract] - Archivo Excel encontrado correctamente
[2025-03-12 01:17:31.257] INFO [7448] [ETL-Process.Extract] - Archivo descargado correctamente para Trujillo
[2025-03-12 01:17:31.266] INFO [7448] [ETL-Process.Extract] - Archivo guardado: Trujillo-5-20250312_011454.xlsx
[2025-03-12 01:17:31.267] INFO [7448] [ETL-Process.Extract] - Procesamiento exitoso para Trujillo
[2025-03-12 01:17:31.267] INFO [7448] [ETL-Process.Extract] - Procesando sede: Trujillo - La Merced (Nivel 1B)
[2025-03-12 01:17:31.268] INFO [7448] [ETL-Process.Extract] - Iniciando descarga para sede: Trujillo - La Merced
[2025-03-12 01:17:35.722] INFO [7448] [ETL-Process.Extract] - Archivo Excel encontrado correctamente
[2025-03-12 01:17:35.722] INFO [7448] [ETL-Process.Extract] - Archivo descargado correctamente para Trujillo - La Merced
[2025-03-12 01:17:35.725] INFO [7448] [ETL-Process.Extract] - Archivo guardado: Trujillo_La_Merced-1B-20250312_011454.xlsx
[2025-03-12 01:17:35.726] INFO [7448] [ETL-Process.Extract] - Procesamiento exitoso para Trujillo - La Merced
[2025-03-12 01:17:35.726] INFO [7448] [ETL-Process.Extract] - Procesando sede: Trujillo - La Noria (Nivel 1A)
[2025-03-12 01:17:35.726] INFO [7448] [ETL-Process.Extract] - Iniciando descarga para sede: Trujillo - La Noria
[2025-03-12 01:17:40.279] INFO [7448] [ETL-Process.Extract] - Archivo Excel encontrado correctamente
[2025-03-12 01:17:40.280] INFO [7448] [ETL-Process.Extract] - Archivo descargado correctamente para Trujillo - La Noria
[2025-03-12 01:17:40.289] INFO [7448] [ETL-Process.Extract] - Archivo guardado: Trujillo_La_Noria-1A-20250312_011454.xlsx
[2025-03-12 01:17:40.291] INFO [7448] [ETL-Process.Extract] - Procesamiento exitoso para Trujillo - La Noria
[2025-03-12 01:17:40.292] INFO [7448] [ETL-Process.Extract] - Proceso de descarga completado. 34 de 36 archivos procesados
[2025-03-12 01:17:40.293] INFO [7448] [ETL-Process.Extract] - === PROCESO DE EXTRACCIÓN COMPLETADO (165.996 segundos) ===
[2025-03-12 01:17:40.294] INFO [7448] [ETL-Process] - Extracción completada en 165.997 segundos
[2025-03-12 01:17:40.295] INFO [7448] [ETL-Process] - Archivos guardados en: c:\Users\rrojacam\Desktop\Proyectos\ETL-Asistencia\./data/downloads\data_probacionismo_20250312_011454
[2025-03-12 01:17:40.296] INFO [7448] [ETL-Process] - Archivos descargados: ['Arequipa-5-20250312_011454.xlsx', 'Arequipa_Cerro_Colorado-1A-20250312_011454.xlsx', 'Arequipa_Lambramani-1B-20250312_011454.xlsx', 'Arequipa_Umacollo-1A-20250312_011454.xlsx', 'Ayacucho-6-20250312_011454.xlsx', 'Ayacucho_Norte-1B-20250312_011454.xlsx', 'Cajamarca-6-20250312_011454.xlsx', 'Cajamarca_Centro_HistÃ³rico-1B-20250312_011454.xlsx', 'Cerro_de_Pasco-1A-20250312_011454.xlsx', 'Chiclayo-3-20250312_011454.xlsx', 'Cusco-6-20250312_011454.xlsx', 'Huancayo-6-20250312_011454.xlsx', 'Huancayo_El_Tambo-1B-20250312_011454.xlsx', 'Huancayo_Julio_Sumar-1A-20250312_011454.xlsx', 'Huanuco-5-20250312_011454.xlsx', 'Huaraz-4-20250312_011454.xlsx', 'Ica-2-20250312_011454.xlsx', 'Ilo-3-20250312_011454.xlsx', 'Iquitos-4-20250312_011454.xlsx', 'Juliaca-3-20250312_011454.xlsx', 'Lima_BreÃ±a-6-20250312_011454.xlsx', 'Lima_JesÃºs_MarÃ\xada-1B-20250312_011454.xlsx', 'Lima_La_Molina-2-20250312_011454.xlsx', 'Lima_Pueblo_Libre-3-20250312_011454.xlsx', 'Lima_San_Miguel-1B-20250312_011454.xlsx', 'Pucallpa-4-20250312_011454.xlsx', 'Puno-2-20250312_011454.xlsx', 'Tacna-4-20250312_011454.xlsx', 'Tacna_Av._Ejercito-2-20250312_011454.xlsx', 'Tacna_Gregorio_Albarracin-1A-20250312_011454.xlsx', 'Tarapoto-2-20250312_011454.xlsx', 'Trujillo-5-20250312_011454.xlsx', 'Trujillo_La_Merced-1B-20250312_011454.xlsx', 'Trujillo_La_Noria-1A-20250312_011454.xlsx']
[2025-03-12 01:17:40.297] INFO [7448] [ETL-Process] - Iniciando proceso de transformación...
[2025-03-12 01:17:40.298] INFO [7448] [ETL-Process.Transform] - Iniciando proceso de transformación de datos
[2025-03-12 01:17:40.299] INFO [7448] [ETL-Process.Transform] - Procesando 34 archivos de c:\Users\rrojacam\Desktop\Proyectos\ETL-Asistencia\./data/downloads\data_probacionismo_20250312_011454
[2025-03-12 01:17:40.305] INFO [7448] [ETL-Process.Transform] - Iniciando procesamiento de 34 archivos
[2025-03-12 01:17:40.305] INFO [7448] [ETL-Process.Transform] - Procesando archivo: Arequipa-5-20250312_011454.xlsx
[2025-03-12 01:17:40.306] INFO [7448] [ETL-Process.Transform] - Procesando archivo: Arequipa-5-20250312_011454.xlsx, hoja: Probacionistas
[2025-03-12 01:17:40.467] INFO [7448] [ETL-Process.Transform] - Filtrados 1 registros pre-inscritos
[2025-03-12 01:17:40.470] INFO [7448] [ETL-Process.Transform] - Se eliminaron 80 filas vacías
[2025-03-12 01:17:40.488] INFO [7448] [ETL-Process.Transform] - Archivo Arequipa-5-20250312_011454.xlsx procesado exitosamente
[2025-03-12 01:17:40.489] INFO [7448] [ETL-Process.Transform] - Procesando archivo: Arequipa_Cerro_Colorado-1A-20250312_011454.xlsx
[2025-03-12 01:17:40.490] INFO [7448] [ETL-Process.Transform] - Procesando archivo: Arequipa_Cerro_Colorado-1A-20250312_011454.xlsx, hoja: Probacionistas
[2025-03-12 01:17:40.655] INFO [7448] [ETL-Process.Transform] - Filtrados 1 registros pre-inscritos
[2025-03-12 01:17:40.658] INFO [7448] [ETL-Process.Transform] - Se eliminaron 92 filas vacías
[2025-03-12 01:17:40.679] INFO [7448] [ETL-Process.Transform] - Archivo Arequipa_Cerro_Colorado-1A-20250312_011454.xlsx procesado exitosamente
[2025-03-12 01:17:40.680] INFO [7448] [ETL-Process.Transform] - Procesando archivo: Arequipa_Lambramani-1B-20250312_011454.xlsx
[2025-03-12 01:17:40.680] INFO [7448] [ETL-Process.Transform] - Procesando archivo: Arequipa_Lambramani-1B-20250312_011454.xlsx, hoja: Probacionistas
[2025-03-12 01:17:40.831] INFO [7448] [ETL-Process.Transform] - Filtrados 0 registros pre-inscritos
[2025-03-12 01:17:40.833] INFO [7448] [ETL-Process.Transform] - Se eliminaron 87 filas vacías
[2025-03-12 01:17:40.843] INFO [7448] [ETL-Process.Transform] - Archivo Arequipa_Lambramani-1B-20250312_011454.xlsx procesado exitosamente
[2025-03-12 01:17:40.844] INFO [7448] [ETL-Process.Transform] - Procesando archivo: Arequipa_Umacollo-1A-20250312_011454.xlsx
[2025-03-12 01:17:40.846] INFO [7448] [ETL-Process.Transform] - Procesando archivo: Arequipa_Umacollo-1A-20250312_011454.xlsx, hoja: Probacionistas
[2025-03-12 01:17:40.983] INFO [7448] [ETL-Process.Transform] - Filtrados 0 registros pre-inscritos
[2025-03-12 01:17:40.985] INFO [7448] [ETL-Process.Transform] - Se eliminaron 76 filas vacías
[2025-03-12 01:17:40.997] INFO [7448] [ETL-Process.Transform] - Archivo Arequipa_Umacollo-1A-20250312_011454.xlsx procesado exitosamente
[2025-03-12 01:17:40.998] INFO [7448] [ETL-Process.Transform] - Procesando archivo: Ayacucho-6-20250312_011454.xlsx
[2025-03-12 01:17:40.998] INFO [7448] [ETL-Process.Transform] - Procesando archivo: Ayacucho-6-20250312_011454.xlsx, hoja: Probacionistas
[2025-03-12 01:17:41.140] INFO [7448] [ETL-Process.Transform] - Filtrados 0 registros pre-inscritos
[2025-03-12 01:17:41.142] INFO [7448] [ETL-Process.Transform] - Se eliminaron 28 filas vacías
[2025-03-12 01:17:41.179] INFO [7448] [ETL-Process.Transform] - Archivo Ayacucho-6-20250312_011454.xlsx procesado exitosamente
[2025-03-12 01:17:41.179] INFO [7448] [ETL-Process.Transform] - Procesando archivo: Ayacucho_Norte-1B-20250312_011454.xlsx
[2025-03-12 01:17:41.180] INFO [7448] [ETL-Process.Transform] - Procesando archivo: Ayacucho_Norte-1B-20250312_011454.xlsx, hoja: Probacionistas
[2025-03-12 01:17:41.373] INFO [7448] [ETL-Process.Transform] - Filtrados 0 registros pre-inscritos
[2025-03-12 01:17:41.375] INFO [7448] [ETL-Process.Transform] - Se eliminaron 81 filas vacías
[2025-03-12 01:17:41.385] INFO [7448] [ETL-Process.Transform] - Archivo Ayacucho_Norte-1B-20250312_011454.xlsx procesado exitosamente
[2025-03-12 01:17:41.386] INFO [7448] [ETL-Process.Transform] - Procesando archivo: Cajamarca-6-20250312_011454.xlsx
[2025-03-12 01:17:41.386] INFO [7448] [ETL-Process.Transform] - Procesando archivo: Cajamarca-6-20250312_011454.xlsx, hoja: Probacionistas
[2025-03-12 01:17:41.511] INFO [7448] [ETL-Process.Transform] - Filtrados 2 registros pre-inscritos
[2025-03-12 01:17:41.514] INFO [7448] [ETL-Process.Transform] - Se eliminaron 15 filas vacías
[2025-03-12 01:17:41.551] INFO [7448] [ETL-Process.Transform] - Archivo Cajamarca-6-20250312_011454.xlsx procesado exitosamente
[2025-03-12 01:17:41.552] INFO [7448] [ETL-Process.Transform] - Procesando archivo: Cajamarca_Centro_HistÃ³rico-1B-20250312_011454.xlsx
[2025-03-12 01:17:41.552] INFO [7448] [ETL-Process.Transform] - Procesando archivo: Cajamarca_Centro_HistÃ³rico-1B-20250312_011454.xlsx, hoja: Probacionistas
[2025-03-12 01:17:41.670] INFO [7448] [ETL-Process.Transform] - Filtrados 0 registros pre-inscritos
[2025-03-12 01:17:41.673] INFO [7448] [ETL-Process.Transform] - Se eliminaron 68 filas vacías
[2025-03-12 01:17:41.695] INFO [7448] [ETL-Process.Transform] - Archivo Cajamarca_Centro_HistÃ³rico-1B-20250312_011454.xlsx procesado exitosamente
[2025-03-12 01:17:41.696] INFO [7448] [ETL-Process.Transform] - Procesando archivo: Cerro_de_Pasco-1A-20250312_011454.xlsx
[2025-03-12 01:17:41.696] INFO [7448] [ETL-Process.Transform] - Procesando archivo: Cerro_de_Pasco-1A-20250312_011454.xlsx, hoja: Probacionistas
[2025-03-12 01:17:41.808] INFO [7448] [ETL-Process.Transform] - Filtrados 0 registros pre-inscritos
[2025-03-12 01:17:41.809] INFO [7448] [ETL-Process.Transform] - Se eliminaron 95 filas vacías
[2025-03-12 01:17:41.816] INFO [7448] [ETL-Process.Transform] - Archivo Cerro_de_Pasco-1A-20250312_011454.xlsx procesado exitosamente
[2025-03-12 01:17:41.816] INFO [7448] [ETL-Process.Transform] - Procesando archivo: Chiclayo-3-20250312_011454.xlsx
[2025-03-12 01:17:41.817] INFO [7448] [ETL-Process.Transform] - Procesando archivo: Chiclayo-3-20250312_011454.xlsx, hoja: Probacionistas
[2025-03-12 01:17:41.918] INFO [7448] [ETL-Process.Transform] - Filtrados 0 registros pre-inscritos
[2025-03-12 01:17:41.920] INFO [7448] [ETL-Process.Transform] - Se eliminaron 68 filas vacías
[2025-03-12 01:17:41.935] INFO [7448] [ETL-Process.Transform] - Archivo Chiclayo-3-20250312_011454.xlsx procesado exitosamente
[2025-03-12 01:17:41.936] INFO [7448] [ETL-Process.Transform] - Procesando archivo: Cusco-6-20250312_011454.xlsx
[2025-03-12 01:17:41.936] INFO [7448] [ETL-Process.Transform] - Procesando archivo: Cusco-6-20250312_011454.xlsx, hoja: Probacionistas
[2025-03-12 01:17:42.042] INFO [7448] [ETL-Process.Transform] - Filtrados 8 registros pre-inscritos
[2025-03-12 01:17:42.044] INFO [7448] [ETL-Process.Transform] - Se eliminaron 39 filas vacías
[2025-03-12 01:17:42.055] INFO [7448] [ETL-Process.Transform] - Archivo Cusco-6-20250312_011454.xlsx procesado exitosamente
[2025-03-12 01:17:42.055] INFO [7448] [ETL-Process.Transform] - Procesando archivo: Huancayo-6-20250312_011454.xlsx
[2025-03-12 01:17:42.056] INFO [7448] [ETL-Process.Transform] - Procesando archivo: Huancayo-6-20250312_011454.xlsx, hoja: Probacionistas
[2025-03-12 01:17:42.159] INFO [7448] [ETL-Process.Transform] - Filtrados 0 registros pre-inscritos
[2025-03-12 01:17:42.161] INFO [7448] [ETL-Process.Transform] - Se eliminaron 56 filas vacías
[2025-03-12 01:17:42.174] INFO [7448] [ETL-Process.Transform] - Archivo Huancayo-6-20250312_011454.xlsx procesado exitosamente
[2025-03-12 01:17:42.174] INFO [7448] [ETL-Process.Transform] - Procesando archivo: Huancayo_El_Tambo-1B-20250312_011454.xlsx
[2025-03-12 01:17:42.175] INFO [7448] [ETL-Process.Transform] - Procesando archivo: Huancayo_El_Tambo-1B-20250312_011454.xlsx, hoja: Probacionistas
[2025-03-12 01:17:42.276] INFO [7448] [ETL-Process.Transform] - Filtrados 0 registros pre-inscritos
[2025-03-12 01:17:42.278] INFO [7448] [ETL-Process.Transform] - Se eliminaron 73 filas vacías
[2025-03-12 01:17:42.287] INFO [7448] [ETL-Process.Transform] - Archivo Huancayo_El_Tambo-1B-20250312_011454.xlsx procesado exitosamente
[2025-03-12 01:17:42.288] INFO [7448] [ETL-Process.Transform] - Procesando archivo: Huancayo_Julio_Sumar-1A-20250312_011454.xlsx
[2025-03-12 01:17:42.288] INFO [7448] [ETL-Process.Transform] - Procesando archivo: Huancayo_Julio_Sumar-1A-20250312_011454.xlsx, hoja: Probacionistas
[2025-03-12 01:17:42.383] INFO [7448] [ETL-Process.Transform] - Filtrados 0 registros pre-inscritos
[2025-03-12 01:17:42.385] INFO [7448] [ETL-Process.Transform] - Se eliminaron 88 filas vacías
[2025-03-12 01:17:42.391] INFO [7448] [ETL-Process.Transform] - Archivo Huancayo_Julio_Sumar-1A-20250312_011454.xlsx procesado exitosamente
[2025-03-12 01:17:42.391] INFO [7448] [ETL-Process.Transform] - Procesando archivo: Huanuco-5-20250312_011454.xlsx
[2025-03-12 01:17:42.392] INFO [7448] [ETL-Process.Transform] - Procesando archivo: Huanuco-5-20250312_011454.xlsx, hoja: Probacionistas
[2025-03-12 01:17:42.504] INFO [7448] [ETL-Process.Transform] - Filtrados 0 registros pre-inscritos
[2025-03-12 01:17:42.506] INFO [7448] [ETL-Process.Transform] - Se eliminaron 4 filas vacías
[2025-03-12 01:17:42.519] INFO [7448] [ETL-Process.Transform] - Archivo Huanuco-5-20250312_011454.xlsx procesado exitosamente
[2025-03-12 01:17:42.520] INFO [7448] [ETL-Process.Transform] - Procesando archivo: Huaraz-4-20250312_011454.xlsx
[2025-03-12 01:17:42.521] INFO [7448] [ETL-Process.Transform] - Procesando archivo: Huaraz-4-20250312_011454.xlsx, hoja: Probacionistas
[2025-03-12 01:17:42.621] INFO [7448] [ETL-Process.Transform] - Filtrados 0 registros pre-inscritos
[2025-03-12 01:17:42.623] INFO [7448] [ETL-Process.Transform] - Se eliminaron 67 filas vacías
[2025-03-12 01:17:42.641] INFO [7448] [ETL-Process.Transform] - Archivo Huaraz-4-20250312_011454.xlsx procesado exitosamente
[2025-03-12 01:17:42.642] INFO [7448] [ETL-Process.Transform] - Procesando archivo: Ica-2-20250312_011454.xlsx
[2025-03-12 01:17:42.642] INFO [7448] [ETL-Process.Transform] - Procesando archivo: Ica-2-20250312_011454.xlsx, hoja: Probacionistas
[2025-03-12 01:17:42.742] INFO [7448] [ETL-Process.Transform] - Filtrados 0 registros pre-inscritos
[2025-03-12 01:17:42.744] INFO [7448] [ETL-Process.Transform] - Se eliminaron 82 filas vacías
[2025-03-12 01:17:42.754] INFO [7448] [ETL-Process.Transform] - Archivo Ica-2-20250312_011454.xlsx procesado exitosamente
[2025-03-12 01:17:42.754] INFO [7448] [ETL-Process.Transform] - Procesando archivo: Ilo-3-20250312_011454.xlsx
[2025-03-12 01:17:42.755] INFO [7448] [ETL-Process.Transform] - Procesando archivo: Ilo-3-20250312_011454.xlsx, hoja: Probacionistas
[2025-03-12 01:17:42.855] ERROR [7448] [ETL-Process.Transform] - Error procesando Excel c:\Users\rrojacam\Desktop\Proyectos\ETL-Asistencia\./data/downloads\data_probacionismo_20250312_011454\Ilo-3-20250312_011454.xlsx: 'Tipo Incrito'
Traceback (most recent call last):
  File "C:\Users\rrojacam\AppData\Local\Programs\Python\Python313\Lib\site-packages\pandas\core\indexes\base.py", line 3805, in get_loc
    return self._engine.get_loc(casted_key)
           ~~~~~~~~~~~~~~~~~~~~^^^^^^^^^^^^
  File "index.pyx", line 167, in pandas._libs.index.IndexEngine.get_loc
  File "index.pyx", line 191, in pandas._libs.index.IndexEngine.get_loc
  File "index.pyx", line 234, in pandas._libs.index.IndexEngine._get_loc_duplicates
  File "index.pyx", line 242, in pandas._libs.index.IndexEngine._maybe_get_bool_indexer
  File "index.pyx", line 134, in pandas._libs.index._unpack_bool_indexer
KeyError: 'Tipo Incrito'

The above exception was the direct cause of the following exception:

Traceback (most recent call last):
  File "c:\Users\rrojacam\Desktop\Proyectos\ETL-Asistencia\src\etl\Transform.py", line 35, in procesar_excel
    df = df[df['Tipo Incrito'] != 'Pre-Inscrito']
            ~~^^^^^^^^^^^^^^^^
  File "C:\Users\rrojacam\AppData\Local\Programs\Python\Python313\Lib\site-packages\pandas\core\frame.py", line 4102, in __getitem__
    indexer = self.columns.get_loc(key)
  File "C:\Users\rrojacam\AppData\Local\Programs\Python\Python313\Lib\site-packages\pandas\core\indexes\base.py", line 3812, in get_loc
    raise KeyError(key) from err
KeyError: 'Tipo Incrito'
[2025-03-12 01:17:42.866] ERROR [7448] [ETL-Process.Transform] - Error procesando archivo c:\Users\rrojacam\Desktop\Proyectos\ETL-Asistencia\./data/downloads\data_probacionismo_20250312_011454\Ilo-3-20250312_011454.xlsx: 'Tipo Incrito'
Traceback (most recent call last):
  File "C:\Users\rrojacam\AppData\Local\Programs\Python\Python313\Lib\site-packages\pandas\core\indexes\base.py", line 3805, in get_loc
    return self._engine.get_loc(casted_key)
           ~~~~~~~~~~~~~~~~~~~~^^^^^^^^^^^^
  File "index.pyx", line 167, in pandas._libs.index.IndexEngine.get_loc
  File "index.pyx", line 191, in pandas._libs.index.IndexEngine.get_loc
  File "index.pyx", line 234, in pandas._libs.index.IndexEngine._get_loc_duplicates
  File "index.pyx", line 242, in pandas._libs.index.IndexEngine._maybe_get_bool_indexer
  File "index.pyx", line 134, in pandas._libs.index._unpack_bool_indexer
KeyError: 'Tipo Incrito'

The above exception was the direct cause of the following exception:

Traceback (most recent call last):
  File "c:\Users\rrojacam\Desktop\Proyectos\ETL-Asistencia\src\etl\Transform.py", line 82, in procesar_archivos
    df = procesar_excel(archivo, hoja_excel)
  File "c:\Users\rrojacam\Desktop\Proyectos\ETL-Asistencia\src\etl\Transform.py", line 35, in procesar_excel
    df = df[df['Tipo Incrito'] != 'Pre-Inscrito']
            ~~^^^^^^^^^^^^^^^^
  File "C:\Users\rrojacam\AppData\Local\Programs\Python\Python313\Lib\site-packages\pandas\core\frame.py", line 4102, in __getitem__
    indexer = self.columns.get_loc(key)
  File "C:\Users\rrojacam\AppData\Local\Programs\Python\Python313\Lib\site-packages\pandas\core\indexes\base.py", line 3812, in get_loc
    raise KeyError(key) from err
KeyError: 'Tipo Incrito'
[2025-03-12 01:17:42.867] INFO [7448] [ETL-Process.Transform] - Procesando archivo: Iquitos-4-20250312_011454.xlsx
[2025-03-12 01:17:42.868] INFO [7448] [ETL-Process.Transform] - Procesando archivo: Iquitos-4-20250312_011454.xlsx, hoja: Probacionistas
[2025-03-12 01:17:42.970] INFO [7448] [ETL-Process.Transform] - Filtrados 0 registros pre-inscritos
[2025-03-12 01:17:42.972] INFO [7448] [ETL-Process.Transform] - Se eliminaron 67 filas vacías
[2025-03-12 01:17:42.983] INFO [7448] [ETL-Process.Transform] - Archivo Iquitos-4-20250312_011454.xlsx procesado exitosamente
[2025-03-12 01:17:42.983] INFO [7448] [ETL-Process.Transform] - Procesando archivo: Juliaca-3-20250312_011454.xlsx
[2025-03-12 01:17:42.984] INFO [7448] [ETL-Process.Transform] - Procesando archivo: Juliaca-3-20250312_011454.xlsx, hoja: Probacionistas
[2025-03-12 01:17:43.080] INFO [7448] [ETL-Process.Transform] - Filtrados 0 registros pre-inscritos
[2025-03-12 01:17:43.082] INFO [7448] [ETL-Process.Transform] - Se eliminaron 91 filas vacías
[2025-03-12 01:17:43.089] INFO [7448] [ETL-Process.Transform] - Archivo Juliaca-3-20250312_011454.xlsx procesado exitosamente
[2025-03-12 01:17:43.090] INFO [7448] [ETL-Process.Transform] - Procesando archivo: Lima_BreÃ±a-6-20250312_011454.xlsx
[2025-03-12 01:17:43.090] INFO [7448] [ETL-Process.Transform] - Procesando archivo: Lima_BreÃ±a-6-20250312_011454.xlsx, hoja: Probacionistas
[2025-03-12 01:17:43.203] INFO [7448] [ETL-Process.Transform] - Filtrados 3 registros pre-inscritos
[2025-03-12 01:17:43.205] INFO [7448] [ETL-Process.Transform] - Se eliminaron 17 filas vacías
[2025-03-12 01:17:43.220] INFO [7448] [ETL-Process.Transform] - Archivo Lima_BreÃ±a-6-20250312_011454.xlsx procesado exitosamente
[2025-03-12 01:17:43.220] INFO [7448] [ETL-Process.Transform] - Procesando archivo: Lima_JesÃºs_MarÃ­a-1B-20250312_011454.xlsx
[2025-03-12 01:17:43.220] INFO [7448] [ETL-Process.Transform] - Procesando archivo: Lima_JesÃºs_MarÃ­a-1B-20250312_011454.xlsx, hoja: Probacionistas
[2025-03-12 01:17:43.320] INFO [7448] [ETL-Process.Transform] - Filtrados 0 registros pre-inscritos
[2025-03-12 01:17:43.322] INFO [7448] [ETL-Process.Transform] - Se eliminaron 90 filas vacías
[2025-03-12 01:17:43.331] INFO [7448] [ETL-Process.Transform] - Archivo Lima_JesÃºs_MarÃ­a-1B-20250312_011454.xlsx procesado exitosamente
[2025-03-12 01:17:43.331] INFO [7448] [ETL-Process.Transform] - Procesando archivo: Lima_La_Molina-2-20250312_011454.xlsx
[2025-03-12 01:17:43.332] INFO [7448] [ETL-Process.Transform] - Procesando archivo: Lima_La_Molina-2-20250312_011454.xlsx, hoja: Probacionistas
[2025-03-12 01:17:43.431] INFO [7448] [ETL-Process.Transform] - Filtrados 0 registros pre-inscritos
[2025-03-12 01:17:43.433] INFO [7448] [ETL-Process.Transform] - Se eliminaron 87 filas vacías
[2025-03-12 01:17:43.439] INFO [7448] [ETL-Process.Transform] - Archivo Lima_La_Molina-2-20250312_011454.xlsx procesado exitosamente
[2025-03-12 01:17:43.439] INFO [7448] [ETL-Process.Transform] - Procesando archivo: Lima_Pueblo_Libre-3-20250312_011454.xlsx
[2025-03-12 01:17:43.440] INFO [7448] [ETL-Process.Transform] - Procesando archivo: Lima_Pueblo_Libre-3-20250312_011454.xlsx, hoja: Probacionistas
[2025-03-12 01:17:43.541] INFO [7448] [ETL-Process.Transform] - Filtrados 6 registros pre-inscritos
[2025-03-12 01:17:43.543] INFO [7448] [ETL-Process.Transform] - Se eliminaron 60 filas vacías
[2025-03-12 01:17:43.560] INFO [7448] [ETL-Process.Transform] - Archivo Lima_Pueblo_Libre-3-20250312_011454.xlsx procesado exitosamente
[2025-03-12 01:17:43.561] INFO [7448] [ETL-Process.Transform] - Procesando archivo: Lima_San_Miguel-1B-20250312_011454.xlsx
[2025-03-12 01:17:43.561] INFO [7448] [ETL-Process.Transform] - Procesando archivo: Lima_San_Miguel-1B-20250312_011454.xlsx, hoja: Probacionistas
[2025-03-12 01:17:43.662] INFO [7448] [ETL-Process.Transform] - Filtrados 0 registros pre-inscritos
[2025-03-12 01:17:43.664] INFO [7448] [ETL-Process.Transform] - Se eliminaron 68 filas vacías
[2025-03-12 01:17:43.675] INFO [7448] [ETL-Process.Transform] - Archivo Lima_San_Miguel-1B-20250312_011454.xlsx procesado exitosamente
[2025-03-12 01:17:43.675] INFO [7448] [ETL-Process.Transform] - Procesando archivo: Pucallpa-4-20250312_011454.xlsx
[2025-03-12 01:17:43.676] INFO [7448] [ETL-Process.Transform] - Procesando archivo: Pucallpa-4-20250312_011454.xlsx, hoja: Probacionistas
[2025-03-12 01:17:43.775] INFO [7448] [ETL-Process.Transform] - Filtrados 13 registros pre-inscritos
[2025-03-12 01:17:43.777] INFO [7448] [ETL-Process.Transform] - Se eliminaron 65 filas vacías
[2025-03-12 01:17:43.786] INFO [7448] [ETL-Process.Transform] - Archivo Pucallpa-4-20250312_011454.xlsx procesado exitosamente
[2025-03-12 01:17:43.786] INFO [7448] [ETL-Process.Transform] - Procesando archivo: Puno-2-20250312_011454.xlsx
[2025-03-12 01:17:43.787] INFO [7448] [ETL-Process.Transform] - Procesando archivo: Puno-2-20250312_011454.xlsx, hoja: Probacionistas
[2025-03-12 01:17:43.886] INFO [7448] [ETL-Process.Transform] - Filtrados 6 registros pre-inscritos
[2025-03-12 01:17:43.888] INFO [7448] [ETL-Process.Transform] - Se eliminaron 82 filas vacías
[2025-03-12 01:17:43.896] INFO [7448] [ETL-Process.Transform] - Archivo Puno-2-20250312_011454.xlsx procesado exitosamente
[2025-03-12 01:17:43.897] INFO [7448] [ETL-Process.Transform] - Procesando archivo: Tacna-4-20250312_011454.xlsx
[2025-03-12 01:17:43.897] INFO [7448] [ETL-Process.Transform] - Procesando archivo: Tacna-4-20250312_011454.xlsx, hoja: Probacionistas
[2025-03-12 01:17:43.999] INFO [7448] [ETL-Process.Transform] - Filtrados 0 registros pre-inscritos
[2025-03-12 01:17:44.001] INFO [7448] [ETL-Process.Transform] - Se eliminaron 61 filas vacías
[2025-03-12 01:17:44.016] INFO [7448] [ETL-Process.Transform] - Archivo Tacna-4-20250312_011454.xlsx procesado exitosamente
[2025-03-12 01:17:44.017] INFO [7448] [ETL-Process.Transform] - Procesando archivo: Tacna_Av._Ejercito-2-20250312_011454.xlsx
[2025-03-12 01:17:44.018] INFO [7448] [ETL-Process.Transform] - Procesando archivo: Tacna_Av._Ejercito-2-20250312_011454.xlsx, hoja: Probacionistas
[2025-03-12 01:17:44.176] INFO [7448] [ETL-Process.Transform] - Filtrados 1 registros pre-inscritos
[2025-03-12 01:17:44.178] INFO [7448] [ETL-Process.Transform] - Se eliminaron 90 filas vacías
[2025-03-12 01:17:44.186] INFO [7448] [ETL-Process.Transform] - Archivo Tacna_Av._Ejercito-2-20250312_011454.xlsx procesado exitosamente
[2025-03-12 01:17:44.187] INFO [7448] [ETL-Process.Transform] - Procesando archivo: Tacna_Gregorio_Albarracin-1A-20250312_011454.xlsx
[2025-03-12 01:17:44.187] INFO [7448] [ETL-Process.Transform] - Procesando archivo: Tacna_Gregorio_Albarracin-1A-20250312_011454.xlsx, hoja: Probacionistas
[2025-03-12 01:17:44.284] INFO [7448] [ETL-Process.Transform] - Filtrados 0 registros pre-inscritos
[2025-03-12 01:17:44.286] INFO [7448] [ETL-Process.Transform] - Se eliminaron 84 filas vacías
[2025-03-12 01:17:44.297] INFO [7448] [ETL-Process.Transform] - Archivo Tacna_Gregorio_Albarracin-1A-20250312_011454.xlsx procesado exitosamente
[2025-03-12 01:17:44.298] INFO [7448] [ETL-Process.Transform] - Procesando archivo: Tarapoto-2-20250312_011454.xlsx
[2025-03-12 01:17:44.298] INFO [7448] [ETL-Process.Transform] - Procesando archivo: Tarapoto-2-20250312_011454.xlsx, hoja: Probacionistas
[2025-03-12 01:17:44.399] INFO [7448] [ETL-Process.Transform] - Filtrados 2 registros pre-inscritos
[2025-03-12 01:17:44.400] INFO [7448] [ETL-Process.Transform] - Se eliminaron 82 filas vacías
[2025-03-12 01:17:44.409] INFO [7448] [ETL-Process.Transform] - Archivo Tarapoto-2-20250312_011454.xlsx procesado exitosamente
[2025-03-12 01:17:44.410] INFO [7448] [ETL-Process.Transform] - Procesando archivo: Trujillo-5-20250312_011454.xlsx
[2025-03-12 01:17:44.411] INFO [7448] [ETL-Process.Transform] - Procesando archivo: Trujillo-5-20250312_011454.xlsx, hoja: Probacionistas
[2025-03-12 01:17:44.509] INFO [7448] [ETL-Process.Transform] - Filtrados 0 registros pre-inscritos
[2025-03-12 01:17:44.511] INFO [7448] [ETL-Process.Transform] - Se eliminaron 64 filas vacías
[2025-03-12 01:17:44.524] INFO [7448] [ETL-Process.Transform] - Archivo Trujillo-5-20250312_011454.xlsx procesado exitosamente
[2025-03-12 01:17:44.524] INFO [7448] [ETL-Process.Transform] - Procesando archivo: Trujillo_La_Merced-1B-20250312_011454.xlsx
[2025-03-12 01:17:44.525] INFO [7448] [ETL-Process.Transform] - Procesando archivo: Trujillo_La_Merced-1B-20250312_011454.xlsx, hoja: Probacionistas
[2025-03-12 01:17:44.628] INFO [7448] [ETL-Process.Transform] - Filtrados 0 registros pre-inscritos
[2025-03-12 01:17:44.630] INFO [7448] [ETL-Process.Transform] - Se eliminaron 76 filas vacías
[2025-03-12 01:17:44.643] INFO [7448] [ETL-Process.Transform] - Archivo Trujillo_La_Merced-1B-20250312_011454.xlsx procesado exitosamente
[2025-03-12 01:17:44.643] INFO [7448] [ETL-Process.Transform] - Procesando archivo: Trujillo_La_Noria-1A-20250312_011454.xlsx
[2025-03-12 01:17:44.644] INFO [7448] [ETL-Process.Transform] - Procesando archivo: Trujillo_La_Noria-1A-20250312_011454.xlsx, hoja: Probacionistas
[2025-03-12 01:17:44.741] INFO [7448] [ETL-Process.Transform] - Filtrados 0 registros pre-inscritos
[2025-03-12 01:17:44.743] INFO [7448] [ETL-Process.Transform] - Se eliminaron 82 filas vacías
[2025-03-12 01:17:44.764] INFO [7448] [ETL-Process.Transform] - Archivo Trujillo_La_Noria-1A-20250312_011454.xlsx procesado exitosamente
[2025-03-12 01:17:44.765] INFO [7448] [ETL-Process.Transform] - Combinando resultados de todos los archivos
[2025-03-12 01:17:44.767] INFO [7448] [ETL-Process.Transform] - Transformando estructura de datos (unpivot)
[2025-03-12 01:17:44.773] INFO [7448] [ETL-Process.Transform] - Transformación completada. Shape final: (1656, 7)
[2025-03-12 01:17:44.774] INFO [7448] [ETL-Process.Transform] - Guardando resultados en transformado_2025-03-12-01-17-44.xlsx
[2025-03-12 01:17:45.009] INFO [7448] [ETL-Process.Transform] - Archivo transformado guardado exitosamente
[2025-03-12 01:17:45.009] INFO [7448] [ETL-Process] - Transformación completada en 4.711 segundos
[2025-03-12 01:17:45.010] INFO [7448] [ETL-Process] - Archivo generado: c:\Users\rrojacam\Desktop\Proyectos\ETL-Asistencia\./data/processed\transformado_2025-03-12-01-17-44.xlsx
[2025-03-12 01:17:45.010] INFO [7448] [ETL-Process] - Iniciando proceso de carga...
[2025-03-12 01:17:45.011] INFO [7448] [ETL-Process.Load] - === INICIANDO PROCESO DE CARGA ===
[2025-03-12 01:17:45.012] INFO [7448] [ETL-Process.Load] - Iniciando carga de datos desde: transformado_2025-03-12-01-17-44.xlsx
[2025-03-12 01:17:45.182] INFO [7448] [ETL-Process.Load] - Datos leídos del Excel, shape: (1656, 7)
[2025-03-12 01:17:45.183] INFO [7448] [ETL-Process.Load] - Configurando cliente de Google Sheets
[2025-03-12 01:17:45.272] INFO [7448] [ETL-Process.Load] - Cliente de Google Sheets configurado exitosamente
[2025-03-12 01:17:45.273] INFO [7448] [ETL-Process.Load] - Conectando con Google Sheet ID: 1KyRGrnkql19dQYnnPxmecLd3hQ7Cn2fLJ8BOBLHKtMA
[2025-03-12 01:17:46.804] INFO [7448] [ETL-Process.Load] - Preparando datos para la carga
[2025-03-12 01:17:46.819] INFO [7448] [ETL-Process.Load] - Limpiando contenido existente en Google Sheets
[2025-03-12 01:17:47.128] INFO [7448] [ETL-Process.Load] - Cargando 1656 filas de datos
[2025-03-12 01:17:47.911] INFO [7448] [ETL-Process.Load] - Datos cargados exitosamente en: https://docs.google.com/spreadsheets/d/1KyRGrnkql19dQYnnPxmecLd3hQ7Cn2fLJ8BOBLHKtMA
[2025-03-12 01:17:47.914] INFO [7448] [ETL-Process.Load] - === PROCESO DE CARGA COMPLETADO EXITOSAMENTE ===
[2025-03-12 01:17:47.915] INFO [7448] [ETL-Process] - Proceso de carga completado en 2.903 segundos
[2025-03-12 01:17:47.916] INFO [7448] [ETL-Process] - === PROCESO ETL COMPLETADO ===
[2025-03-12 01:17:47.917] INFO [7448] [ETL-Process] - Hora de finalización: 2025-03-12 01:17:47.916314
[2025-03-12 01:17:47.918] INFO [7448] [ETL-Process] - Duración total: 173.620 segundos
